100.11.04 10:02 B D:\SMB\06700.gif <-- snow-board.com /drv1/web/sites/web70237/ans/comites/smb 06700.gif
100.11.04 10:02 B D:\SMB\3dtower-s.jpg <-- snow-board.com /drv1/web/sites/web70237/ans/comites/smb 3dtower-s.jpg
100.11.04 10:02 B D:\SMB\cbc00.html <-- snow-board.com /drv1/web/sites/web70237/ans/comites/smb cbc00.html
100.11.04 10:03 B D:\SMB\cbc99.htm <-- snow-board.com /drv1/web/sites/web70237/ans/comites/smb cbc99.htm
100.11.04 10:03 B D:\SMB\cbc99res.htm <-- snow-board.com /drv1/web/sites/web70237/ans/comites/smb cbc99res.htm
100.11.04 10:04 B D:\SMB\clubs01.htm <-- snow-board.com /drv1/web/sites/web70237/ans/comites/smb clubs01.htm
100.11.04 10:04 B D:\SMB\compet01.htm <-- snow-board.com /drv1/web/sites/web70237/ans/comites/smb compet01.htm
100.11.04 10:04 B D:\SMB\compnat1.htm <-- snow-board.com /drv1/web/sites/web70237/ans/comites/smb compnat1.htm
100.11.04 10:05 B D:\SMB\compreg1.htm <-- snow-board.com /drv1/web/sites/web70237/ans/comites/smb compreg1.htm
100.11.04 10:05 B D:\SMB\coureur1.htm <-- snow-board.com /drv1/web/sites/web70237/ans/comites/smb coureur1.htm
100.11.04 10:05 B D:\SMB\divers01.htm <-- snow-board.com /drv1/web/sites/web70237/ans/comites/smb divers01.htm
100.11.04 10:06 B D:\SMB\evian.gif <-- snow-board.com /drv1/web/sites/web70237/ans/comites/smb evian.gif
100.11.06 03:06 B D:\SMB\feelgood.wav <-- snow-board.com /drv1/web/sites/web70237/ans/comites/smb feelgood.wav
100.11.06 03:06 B D:\SMB\formul01.htm <-- snow-board.com /drv1/web/sites/web70237/ans/comites/smb formul01.htm
100.11.06 03:06 B D:\SMB\frame1.htm <-- snow-board.com /drv1/web/sites/web70237/ans/comites/smb frame1.htm
100.11.06 03:06 B D:\SMB\frame2.htm <-- snow-board.com /drv1/web/sites/web70237/ans/comites/smb frame2.htm
100.11.06 03:06 B D:\SMB\img1.gif <-- snow-board.com /drv1/web/sites/web70237/ans/comites/smb img1.gif
100.11.06 03:07 B D:\SMB\img2.gif <-- snow-board.com /drv1/web/sites/web70237/ans/comites/smb img2.gif
100.11.06 03:07 B D:\SMB\inscri01.htm <-- snow-board.com /drv1/web/sites/web70237/ans/comites/smb inscri01.htm
100.11.06 03:07 B D:\SMB\lascar1.jpg <-- snow-board.com /drv1/web/sites/web70237/ans/comites/smb lascar1.jpg
100.11.06 03:07 B D:\SMB\lascar1s.jpg <-- snow-board.com /drv1/web/sites/web70237/ans/comites/smb lascar1s.jpg
100.11.06 03:07 B D:\SMB\liste.htm <-- snow-board.com /drv1/web/sites/web70237/ans/comites/smb liste.htm
100.11.06 03:07 B D:\SMB\logo1-clusaz.gif <-- snow-board.com /drv1/web/sites/web70237/ans/comites/smb logo1-clusaz.gif
100.11.06 03:07 B D:\SMB\logocham.jpg <-- snow-board.com /drv1/web/sites/web70237/ans/comites/smb logocham.jpg
100.11.06 03:07 B D:\SMB\mat1.jpg <-- snow-board.com /drv1/web/sites/web70237/ans/comites/smb mat1.jpg
100.11.06 03:07 B D:\SMB\mat1s.jpg <-- snow-board.com /drv1/web/sites/web70237/ans/comites/smb mat1s.jpg
100.11.06 03:07 B D:\SMB\meteo1.htm <-- snow-board.com /drv1/web/sites/web70237/ans/comites/smb meteo1.htm
100.11.06 03:07 B D:\SMB\MetFrame.html <-- snow-board.com /drv1/web/sites/web70237/ans/comites/smb MetFrame.html
100.11.06 03:07 B D:\SMB\mf1.htm <-- snow-board.com /drv1/web/sites/web70237/ans/comites/smb mf1.htm
100.11.06 03:07 B D:\SMB\nation01.htm <-- snow-board.com /drv1/web/sites/web70237/ans/comites/smb nation01.htm
100.11.06 03:07 B D:\SMB\navbhelp.gif <-- snow-board.com /drv1/web/sites/web70237/ans/comites/smb navbhelp.gif
100.11.06 03:07 B D:\SMB\neige.htm <-- snow-board.com /drv1/web/sites/web70237/ans/comites/smb neige.htm
100.11.06 03:07 B D:\SMB\new-s.jpg <-- snow-board.com /drv1/web/sites/web70237/ans/comites/smb new-s.jpg
100.11.06 03:07 B D:\SMB\nivolo01.htm <-- snow-board.com /drv1/web/sites/web70237/ans/comites/smb nivolo01.htm
100.11.06 03:07 B D:\SMB\photos01.htm <-- snow-board.com /drv1/web/sites/web70237/ans/comites/smb photos01.htm
100.11.06 03:07 B D:\SMB\pub.htm <-- snow-board.com /drv1/web/sites/web70237/ans/comites/smb pub.htm
100.11.06 03:07 B D:\SMB\pubtower.htm <-- snow-board.com /drv1/web/sites/web70237/ans/comites/smb pubtower.htm
100.11.06 03:07 B D:\SMB\quest01.htm <-- snow-board.com /drv1/web/sites/web70237/ans/comites/smb quest01.htm
100.11.06 03:07 B D:\SMB\redball.gif <-- snow-board.com /drv1/web/sites/web70237/ans/comites/smb redball.gif
100.11.06 03:07 B D:\SMB\redball1.gif <-- snow-board.com /drv1/web/sites/web70237/ans/comites/smb redball1.gif
100.11.06 03:07 B D:\SMB\redball1.thn <-- snow-board.com /drv1/web/sites/web70237/ans/comites/smb redball1.thn
100.11.06 03:07 B D:\SMB\region01.htm <-- snow-board.com /drv1/web/sites/web70237/ans/comites/smb region01.htm
100.11.06 03:07 B D:\SMB\regle01.htm <-- snow-board.com /drv1/web/sites/web70237/ans/comites/smb regle01.htm
100.11.06 03:07 B D:\SMB\s_s_logo.gif <-- snow-board.com /drv1/web/sites/web70237/ans/comites/smb s_s_logo.gif
100.11.06 03:07 B D:\SMB\s_scifas.gif <-- snow-board.com /drv1/web/sites/web70237/ans/comites/smb s_scifas.gif
100.11.06 03:07 B D:\SMB\satfr-s.jpg <-- snow-board.com /drv1/web/sites/web70237/ans/comites/smb satfr-s.jpg
100.11.06 03:07 B D:\SMB\sb01.jpg <-- snow-board.com /drv1/web/sites/web70237/ans/comites/smb sb01.jpg
100.11.06 03:07 B D:\SMB\smb.gif <-- snow-board.com /drv1/web/sites/web70237/ans/comites/smb smb.gif
100.11.06 03:08 B D:\SMB\smb.htm <-- snow-board.com /drv1/web/sites/web70237/ans/comites/smb smb.htm
100.11.06 03:08 B D:\SMB\smb.thn <-- snow-board.com /drv1/web/sites/web70237/ans/comites/smb smb.thn
100.11.06 03:08 B D:\SMB\smba.htm <-- snow-board.com /drv1/web/sites/web70237/ans/comites/smb smba.htm
100.11.06 03:08 B D:\SMB\smbl.htm <-- snow-board.com /drv1/web/sites/web70237/ans/comites/smb smbl.htm
100.11.06 03:08 B D:\SMB\smblog0.gif <-- snow-board.com /drv1/web/sites/web70237/ans/comites/smb smblog0.gif
100.11.06 03:08 B D:\SMB\smblog3.gif <-- snow-board.com /drv1/web/sites/web70237/ans/comites/smb smblog3.gif
100.11.06 03:08 B D:\SMB\smblog4.gif <-- snow-board.com /drv1/web/sites/web70237/ans/comites/smb smblog4.gif
100.11.06 03:08 B D:\SMB\smbst01.htm <-- snow-board.com /drv1/web/sites/web70237/ans/comites/smb smbst01.htm
100.11.06 03:08 B D:\SMB\smbst02.htm <-- snow-board.com /drv1/web/sites/web70237/ans/comites/smb smbst02.htm
100.11.06 03:08 B D:\SMB\smbst03.htm <-- snow-board.com /drv1/web/sites/web70237/ans/comites/smb smbst03.htm
100.11.06 03:08 B D:\SMB\snolog3.gif <-- snow-board.com /drv1/web/sites/web70237/ans/comites/smb snolog3.gif
100.11.06 03:08 B D:\SMB\snolog3s.gif <-- snow-board.com /drv1/web/sites/web70237/ans/comites/smb snolog3s.gif
100.11.06 03:08 B D:\SMB\snolog3t.gif <-- snow-board.com /drv1/web/sites/web70237/ans/comites/smb snolog3t.gif
100.11.06 03:08 B D:\SMB\snolog3t.thn <-- snow-board.com /drv1/web/sites/web70237/ans/comites/smb snolog3t.thn
100.11.06 03:08 B D:\SMB\srossign.gif <-- snow-board.com /drv1/web/sites/web70237/ans/comites/smb srossign.gif
100.11.06 03:08 B D:\SMB\st.gif <-- snow-board.com /drv1/web/sites/web70237/ans/comites/smb st.gif
100.11.06 03:08 B D:\SMB\st.thn <-- snow-board.com /drv1/web/sites/web70237/ans/comites/smb st.thn
100.11.06 03:08 B D:\SMB\stages.gif <-- snow-board.com /drv1/web/sites/web70237/ans/comites/smb stages.gif
100.11.06 03:08 B D:\SMB\stages.thn <-- snow-board.com /drv1/web/sites/web70237/ans/comites/smb stages.thn
100.11.06 03:08 B D:\SMB\stages01.htm <-- snow-board.com /drv1/web/sites/web70237/ans/comites/smb stages01.htm
100.11.06 03:08 B D:\SMB\swatch01.gif <-- snow-board.com /drv1/web/sites/web70237/ans/comites/smb swatch01.gif
100.11.06 03:08 B D:\SMB\t_scifas.gif <-- snow-board.com /drv1/web/sites/web70237/ans/comites/smb t_scifas.gif
100.11.06 03:08 B D:\SMB\t_scifas.thn <-- snow-board.com /drv1/web/sites/web70237/ans/comites/smb t_scifas.thn
100.11.06 03:08 B D:\SMB\uparrow.gif <-- snow-board.com /drv1/web/sites/web70237/ans/comites/smb uparrow.gif
100.11.06 03:08 B D:\SMB\wild-ca1.htm <-- snow-board.com /drv1/web/sites/web70237/ans/comites/smb wild-ca1.htm
100.11.13 14:14 B D:\SMB\ans\comites\smb\cbc00.html --> snow-board.com /drv1/web/sites/web70237/ans/comites/smb cbc00.html
100.11.13 14:15 B D:\SMB\ans\comites\smb\depardCB.GIF --> snow-board.com /drv1/web/sites/web70237/ans/comites/smb depardCB.GIF
100.11.13 14:16 B D:\SMB\ans\comites\smb\JumpCBC0.GIF --> snow-board.com /drv1/web/sites/web70237/ans/comites/smb JumpCBC0.GIF
100.11.13 14:17 B D:\SMB\ans\comites\smb\resCBC2000.gif --> snow-board.com /drv1/web/sites/web70237/ans/comites/smb resCBC2000.gif
100.11.13 14:17 B D:\SMB\ans\comites\smb\TartifCBC001.jpg --> snow-board.com /drv1/web/sites/web70237/ans/comites/smb TartifCBC001.jpg
100.11.14 23:21 B D:\SMB\ans\comites\smb\mf1.htm --> snow-board.com /drv1/web/sites/web70237/ans/comites/smb mf1.htm
100.11.14 23:21 B D:\SMB\ans\comites\smb\region01.htm --> snow-board.com /drv1/web/sites/web70237/ans/comites/smb region01.htm
100.11.14 23:23 B D:\SMB\ans\comites\smb\liste.htm --> snow-board.com /drv1/web/sites/web70237/ans/comites/smb liste.htm
101.01.15 17:57 B D:\SMB\ans\comites\smb\liste.htm --> snow-board.com /drv1/web/sites/web70237/ans/comites/smb liste.htm
101.01.15 18:00 B D:\SMB\ans\comites\smb\liste.htm --> snow-board.com /drv1/web/sites/web70237/ans/comites/smb liste.htm
101.01.15 18:00 B D:\SMB\ans\comites\smb\liste.htm --> snow-board.com /drv1/web/sites/web70237/ans/comites/smb liste.htm
101.02.09 22:42 B D:\SMB\ans\comites\smb\liste.htm --> snow-board.com /drv1/web/sites/web70237/ans/comites/smb liste.htm
101.03.21 07:50 B D:\SMB\ans\comites\smb\liste.htm --> snow-board.com /drv1/web/sites/web70237/ans/comites/smb liste.htm
101.03.21 07:50 B D:\SMB\ans\comites\smb\img0.gif --> snow-board.com /drv1/web/sites/web70237/ans/comites/smb img0.gif
101.03.21 07:50 B D:\SMB\ans\comites\smb\img1.gif --> snow-board.com /drv1/web/sites/web70237/ans/comites/smb img1.gif
101.03.21 07:50 B D:\SMB\ans\comites\smb\img2.gif --> snow-board.com /drv1/web/sites/web70237/ans/comites/smb img2.gif
101.03.21 07:53 B D:\SMB\ans\comites\smb\cbc01.html --> snow-board.com /drv1/web/sites/web70237/ans/comites/smb cbc01.html
101.03.21 08:12 B D:\SMB\ans\comites\smb\smb.htm --> snow-board.com /drv1/web/sites/web70237/ans/comites/smb smb.htm
101.03.21 08:38 B D:\SMB\ans\comites\smb\liste.htm --> snow-board.com /drv1/web/sites/web70237/ans/comites/smb liste.htm
101.03.21 08:38 B D:\SMB\ans\comites\smb\liste.htm --> snow-board.com /drv1/web/sites/web70237/ans/comites/smb liste.htm
101.03.21 09:19 B D:\SMB\ans\comites\smb\liste.htm --> snow-board.com /drv1/web/sites/web70237/ans/comites/smb liste.htm
101.03.21 09:21 B D:\SMB\ans\comites\smb\compet01.htm --> snow-board.com /drv1/web/sites/web70237/ans/comites/smb compet01.htm
101.05.23 09:23 B D:\SMB\ans\comites\smb\st.gif --> snow-board.com /drv1/web/sites/web70237/ans/comites/smb st.gif
101.05.28 19:15 B D:\SMB\ans\comites\smb\cbc01.html --> snow-board.com /drv1/web/sites/web70237/ans/comites/smb cbc01.html
101.05.28 19:15 B D:\SMB\ans\comites\smb\cbc01res.htm --> snow-board.com /drv1/web/sites/web70237/ans/comites/smb cbc01res.htm
101.05.30 14:07 B D:\SMB\ans\comites\smb\_blnk.gif --> snow-board.com /drv1/web/sites/web70237/ans/comites/smb _blnk.gif
101.05.30 14:07 B D:\SMB\ans\comites\smb\cbc01img0.gif --> snow-board.com /drv1/web/sites/web70237/ans/comites/smb cbc01img0.gif
101.05.30 14:07 B D:\SMB\ans\comites\smb\cbc01img1.gif --> snow-board.com /drv1/web/sites/web70237/ans/comites/smb cbc01img1.gif
101.05.30 14:08 B D:\SMB\ans\comites\smb\cbc01img2.jpg --> snow-board.com /drv1/web/sites/web70237/ans/comites/smb cbc01img2.jpg
101.05.30 14:08 B D:\SMB\ans\comites\smb\cbc01img3.gif --> snow-board.com /drv1/web/sites/web70237/ans/comites/smb cbc01img3.gif
101.05.30 14:08 B D:\SMB\ans\comites\smb\cbc01res.htm --> snow-board.com /drv1/web/sites/web70237/ans/comites/smb cbc01res.htm
101.05.30 14:10 B D:\SMB\ans\comites\smb\liste.htm --> snow-board.com /drv1/web/sites/web70237/ans/comites/smb liste.htm
101.05.30 14:10 B D:\SMB\ans\comites\smb\merci-cbc01.html --> snow-board.com /drv1/web/sites/web70237/ans/comites/smb merci-cbc01.html
101.05.30 14:15 B D:\SMB\ans\comites\smb\smb.htm --> snow-board.com /drv1/web/sites/web70237/ans/comites/smb smb.htm
101.05.30 14:22 B D:\SMB\ans\comites\smb\merci-cbc01.html --> snow-board.com /drv1/web/sites/web70237/ans/comites/smb merci-cbc01.html
101.08.05 17:16 B D:\SMB\ans\comites\smb\meteo1.htm --> snow-board.com /drv1/web/sites/web70237/ans/comites/smb meteo1.htm
101.11.12 12:55 B D:\SMB\ans\comites\smb\liste.htm --> snow-board.com /drv1/web/sites/web70237/ans/comites/smb liste.htm
101.11.12 12:56 B D:\SMB\ans\comites\smb\engineering01.htm --> snow-board.com /drv1/web/sites/web70237/ans/comites/smb engineering01.htm
101.11.12 13:44 B D:\SMB\ans\comites\smb\liste.htm --> snow-board.com /drv1/web/sites/web70237/ans/comites/smb liste.htm
101.11.12 13:48 B D:\SMB\ans\comites\smb\liste.htm --> snow-board.com /drv1/web/sites/web70237/ans/comites/smb liste.htm
101.11.12 13:49 B D:\SMB\ans\comites\smb\liste.htm --> snow-board.com /drv1/web/sites/web70237/ans/comites/smb liste.htm
101.11.12 13:52 B D:\SMB\ans\comites\smb\engineering01.htm --> snow-board.com /drv1/web/sites/web70237/secure engineering01.htm
101.11.12 13:56 B D:\SMB\ans\comites\smb\engineering01.htm --> snow-board.com /drv1/web/sites/web70237/secure engineering01.htm
2001.12.05 19:14 B D:\SMB\ans\comites\smb\engineering01.htm --> snow-board.com /drv1/web/sites/web70237/ans/comites/smb engineering01.htm
2001.12.05 19:17 B D:\SMB\ans\comites\smb\engineering01.htm --> snow-board.com /drv1/web/sites/web70237/secure engineering01.htm
2001.12.05 19:30 B D:\SMB\ans\comites\smb\engineering01.htm --> snow-board.com /drv1/web/sites/web70237/secure engineering01.htm
102.03.17 11:32 B C:\A-DATA\SMB\ans\comites\smb\liste.htm --> snow-board.com /www/htdocs/ans/comites/smb liste.htm
102.03.17 11:33 B C:\A-DATA\SMB\ans\comites\smb\cbc2002.htm --> snow-board.com /www/htdocs/ans/comites/smb cbc2002.htm
102.03.17 11:33 B C:\A-DATA\SMB\ans\comites\smb\cbc-_blnk.gif --> snow-board.com /www/htdocs/ans/comites/smb cbc-_blnk.gif
102.03.17 11:33 B C:\A-DATA\SMB\ans\comites\smb\cbc-img0.gif --> snow-board.com /www/htdocs/ans/comites/smb cbc-img0.gif
102.03.17 11:33 B C:\A-DATA\SMB\ans\comites\smb\cbc-img1.gif --> snow-board.com /www/htdocs/ans/comites/smb cbc-img1.gif
102.03.17 11:33 B C:\A-DATA\SMB\ans\comites\smb\cbc-img2.jpg --> snow-board.com /www/htdocs/ans/comites/smb cbc-img2.jpg
102.03.17 11:35 B C:\A-DATA\SMB\ans\comites\smb\cbc-img3.gif --> snow-board.com /www/htdocs/ans/comites/smb cbc-img3.gif
102.03.17 11:36 B C:\A-DATA\SMB\ans\comites\smb\smb.htm --> snow-board.com /www/htdocs/ans/comites/smb smb.htm
102.03.17 11:41 B C:\A-DATA\SMB\ans\comites\smb\meteo1.htm --> snow-board.com /www/htdocs/ans/comites/smb meteo1.htm
102.03.17 11:43 B C:\A-DATA\SMB\ans\comites\smb\meteo1.htm --> snow-board.com /www/htdocs/ans/comites/smb meteo1.htm
102.03.17 11:52 B C:\A-DATA\SMB\ans\comites\smb\coureur1.htm --> snow-board.com /www/htdocs/ans/comites/smb coureur1.htm
102.03.17 12:01 B C:\A-DATA\SMB\ans\comites\smb\compet01.htm --> snow-board.com /www/htdocs/ans/comites/smb compet01.htm
102.03.17 12:01 B C:\A-DATA\SMB\ans\comites\smb\coureur1.htm --> snow-board.com /www/htdocs/ans/comites/smb coureur1.htm
102.03.17 12:02 B C:\A-DATA\SMB\ans\comites\smb\liste.htm --> snow-board.com /www/htdocs/ans/comites/smb liste.htm
102.03.17 12:05 B C:\A-DATA\SMB\ans\comites\smb\compet01.htm --> snow-board.com /www/htdocs/ans/comites/smb compet01.htm
102.03.17 12:05 B C:\A-DATA\SMB\ans\comites\smb\liste.htm --> snow-board.com /www/htdocs/ans/comites/smb liste.htm
102.10.03 11:57 B C:\A-DATA\SMB\ans\comites\smb\stages01.htm --> snow-board.com /www/htdocs/ans/comites/smb stages01.htm
102.10.03 11:58 B C:\A-DATA\SMB\ans\comites\smb\T2002 _blnk.gif --> snow-board.com /www/htdocs/ans/comites/smb T2002 _blnk.gif
102.10.03 11:58 B C:\A-DATA\SMB\ans\comites\smb\T2002 img0.gif --> snow-board.com /www/htdocs/ans/comites/smb T2002 img0.gif
102.10.03 11:58 B C:\A-DATA\SMB\ans\comites\smb\T2002 img1.gif --> snow-board.com /www/htdocs/ans/comites/smb T2002 img1.gif
102.10.03 12:09 B C:\A-DATA\SMB\ans\comites\smb\stages01.htm --> snow-board.com /www/htdocs/ans/comites/smb stages01.htm
102.10.03 12:12 B C:\A-DATA\SMB\ans\comites\smb\stages01.htm --> snow-board.com /www/htdocs/ans/comites/smb stages01.htm
102.10.03 12:14 B C:\A-DATA\SMB\ans\comites\smb\stages01.htm --> snow-board.com /www/htdocs/ans/comites/smb stages01.htm
102.10.03 12:43 B C:\A-DATA\SMB\ans\comites\smb\smb.htm --> snow-board.com /www/htdocs/ans/comites/smb smb.htm
103.01.10 11:03 B C:\A-DATA\SMB\ans\comites\smb\Champ1-s.JPG --> snow-board.com /www/htdocs/ans/comites/smb Champ1-s.JPG
103.01.10 11:04 B C:\A-DATA\SMB\ans\comites\smb\Champ1.JPG --> snow-board.com /www/htdocs/ans/comites/smb Champ1.JPG
103.01.10 11:04 B C:\A-DATA\SMB\ans\comites\smb\Champ2-s.JPG --> snow-board.com /www/htdocs/ans/comites/smb Champ2-s.JPG
103.01.10 11:06 B C:\A-DATA\SMB\ans\comites\smb\Champ2.JPG --> snow-board.com /www/htdocs/ans/comites/smb Champ2.JPG
103.01.10 11:06 B C:\A-DATA\SMB\ans\comites\smb\Champ3-s.JPG --> snow-board.com /www/htdocs/ans/comites/smb Champ3-s.JPG
103.01.10 11:07 B C:\A-DATA\SMB\ans\comites\smb\Champ3.JPG --> snow-board.com /www/htdocs/ans/comites/smb Champ3.JPG
103.01.10 11:07 B C:\A-DATA\SMB\ans\comites\smb\Champ4-s.JPG --> snow-board.com /www/htdocs/ans/comites/smb Champ4-s.JPG
103.01.10 11:09 B C:\A-DATA\SMB\ans\comites\smb\Champ4.JPG --> snow-board.com /www/htdocs/ans/comites/smb Champ4.JPG
103.01.10 11:09 B C:\A-DATA\SMB\ans\comites\smb\Champ5-s.JPG --> snow-board.com /www/htdocs/ans/comites/smb Champ5-s.JPG
103.01.10 11:10 B C:\A-DATA\SMB\ans\comites\smb\Champ5.JPG --> snow-board.com /www/htdocs/ans/comites/smb Champ5.JPG
103.01.10 11:10 B C:\A-DATA\SMB\ans\comites\smb\Champ7-s.JPG --> snow-board.com /www/htdocs/ans/comites/smb Champ7-s.JPG
103.01.10 11:12 B C:\A-DATA\SMB\ans\comites\smb\Champ7.JPG --> snow-board.com /www/htdocs/ans/comites/smb Champ7.JPG
103.01.10 11:12 B C:\A-DATA\SMB\ans\comites\smb\photos01.htm --> snow-board.com /www/htdocs/ans/comites/smb photos01.htm
103.01.10 11:12 A C:\A-DATA\SMB\ans\comites\smb\photos01.htm --> snow-board.com /www/htdocs/ans/comites/smb photos01.htm
103.01.16 11:10 A C:\A-DATA\SMB\ans\comites\smb\photos01.htm --> snow-board.com /www/htdocs/ans/comites/smb photos01.htm
103.01.16 11:14 B C:\A-DATA\SMB\ans\comites\smb\chardonnet-argentiere-s.jpg --> snow-board.com /www/htdocs/ans/comites/smb chardonnet-argentiere-s.jpg
103.01.16 11:16 B C:\A-DATA\SMB\ans\comites\smb\chardonnet-argentiere.jpg --> snow-board.com /www/htdocs/ans/comites/smb chardonnet-argentiere.jpg
103.01.16 11:16 B C:\A-DATA\SMB\ans\comites\smb\dolent-s.jpg --> snow-board.com /www/htdocs/ans/comites/smb dolent-s.jpg
103.01.16 11:17 B C:\A-DATA\SMB\ans\comites\smb\dolent.jpg --> snow-board.com /www/htdocs/ans/comites/smb dolent.jpg
103.01.16 11:17 B C:\A-DATA\SMB\ans\comites\smb\drus-mont-blanc-s.jpg --> snow-board.com /www/htdocs/ans/comites/smb drus-mont-blanc-s.jpg
103.01.16 11:19 B C:\A-DATA\SMB\ans\comites\smb\drus-mont-blanc.jpg --> snow-board.com /www/htdocs/ans/comites/smb drus-mont-blanc.jpg
103.01.16 11:19 B C:\A-DATA\SMB\ans\comites\smb\drus-s.jpg --> snow-board.com /www/htdocs/ans/comites/smb drus-s.jpg
103.01.16 11:21 B C:\A-DATA\SMB\ans\comites\smb\drus.jpg --> snow-board.com /www/htdocs/ans/comites/smb drus.jpg
103.01.16 11:21 B C:\A-DATA\SMB\ans\comites\smb\glacier-argentiere-s.jpg --> snow-board.com /www/htdocs/ans/comites/smb glacier-argentiere-s.jpg
103.01.16 11:21 B C:\A-DATA\SMB\ans\comites\smb\glacier-argentiere.jpg --> snow-board.com /www/htdocs/ans/comites/smb glacier-argentiere.jpg
103.01.16 11:21 B C:\A-DATA\SMB\ans\comites\smb\grande-casse-balme-s.jpg --> snow-board.com /www/htdocs/ans/comites/smb grande-casse-balme-s.jpg
103.01.16 11:23 B C:\A-DATA\SMB\ans\comites\smb\grande-casse-balme.jpg --> snow-board.com /www/htdocs/ans/comites/smb grande-casse-balme.jpg
103.01.16 11:23 B C:\A-DATA\SMB\ans\comites\smb\grands-montets-glacier-s.jpg --> snow-board.com /www/htdocs/ans/comites/smb grands-montets-glacier-s.jpg
103.01.16 11:25 B C:\A-DATA\SMB\ans\comites\smb\grands-montets-glacier.jpg --> snow-board.com /www/htdocs/ans/comites/smb grands-montets-glacier.jpg
103.01.16 11:25 B C:\A-DATA\SMB\ans\comites\smb\mont-blanc-balme-s.jpg --> snow-board.com /www/htdocs/ans/comites/smb mont-blanc-balme-s.jpg
103.01.16 11:27 B C:\A-DATA\SMB\ans\comites\smb\mont-blanc-balme.jpg --> snow-board.com /www/htdocs/ans/comites/smb mont-blanc-balme.jpg
103.01.16 11:27 B C:\A-DATA\SMB\ans\comites\smb\mont-blanc-pas-de-chevre-s.jpg --> snow-board.com /www/htdocs/ans/comites/smb mont-blanc-pas-de-chevre-s.jpg
103.01.16 11:29 B C:\A-DATA\SMB\ans\comites\smb\mont-blanc-pas-de-chevre.jpg --> snow-board.com /www/htdocs/ans/comites/smb mont-blanc-pas-de-chevre.jpg
103.01.16 11:29 B C:\A-DATA\SMB\ans\comites\smb\verte-s.jpg --> snow-board.com /www/htdocs/ans/comites/smb verte-s.jpg
103.01.16 11:31 B C:\A-DATA\SMB\ans\comites\smb\verte.jpg --> snow-board.com /www/htdocs/ans/comites/smb verte.jpg
103.01.16 11:38 B C:\A-DATA\SMB\ans\comites\smb\photos01.htm --> snow-board.com /www/htdocs/ans/comites/smb photos01.htm
103.01.16 11:52 B C:\A-DATA\SMB\ans\comites\smb\photos01.htm --> snow-board.com /www/htdocs/ans/comites/smb photos01.htm
103.01.16 11:54 A C:\A-DATA\SMB\ans\comites\smb\photos01.htm --> snow-board.com /www/htdocs/ans/comites/smb photos01.htm
103.01.16 12:01 A C:\A-DATA\SMB\ans\comites\smb\photos01.htm --> snow-board.com /www/htdocs/ans/comites/smb photos01.htm
103.01.16 12:05 A C:\A-DATA\SMB\ans\comites\smb\photos01.htm --> snow-board.com /www/htdocs/ans/comites/smb photos01.htm
103.01.16 12:06 A C:\A-DATA\SMB\ans\comites\smb\photos01.htm --> snow-board.com /www/htdocs/ans/comites/smb photos01.htm
103.01.16 12:08 A C:\A-DATA\SMB\ans\comites\smb\photos01.htm --> snow-board.com /www/htdocs/ans/comites/smb photos01.htm
103.01.16 12:25 A C:\A-DATA\SMB\ans\comites\smb\photos01.htm --> snow-board.com /www/htdocs/ans/comites/smb photos01.htm
103.01.16 12:36 A C:\A-DATA\SMB\ans\comites\smb\photos01.htm --> snow-board.com /www/htdocs/ans/comites/smb photos01.htm
103.04.11 13:15 B C:\A-DATA\SMB\ans\comites\smb\cbc03img0.gif --> snow-board.com /www/htdocs/ans/comites/smb cbc03img0.gif
103.04.11 13:15 B C:\A-DATA\SMB\ans\comites\smb\cbc03img1.gif --> snow-board.com /www/htdocs/ans/comites/smb cbc03img1.gif
103.04.11 13:16 B C:\A-DATA\SMB\ans\comites\smb\cbc03img2.gif --> snow-board.com /www/htdocs/ans/comites/smb cbc03img2.gif
103.04.11 13:16 B C:\A-DATA\SMB\ans\comites\smb\cbc2003.htm --> snow-board.com /www/htdocs/ans/comites/smb cbc2003.htm
103.04.11 13:16 B C:\A-DATA\SMB\ans\comites\smb\liste.htm --> snow-board.com /www/htdocs/ans/comites/smb liste.htm
103.04.11 13:19 B C:\A-DATA\SMB\ans\comites\smb\liste.htm --> snow-board.com /www/htdocs/ans/comites/smb liste.htm
103.04.11 13:22 B C:\A-DATA\SMB\ans\comites\smb\smb.htm --> snow-board.com /www/htdocs/ans/comites/smb smb.htm
103.04.11 13:27 B C:\A-DATA\SMB\ans\comites\smb\cbc2003.htm --> snow-board.com /www/htdocs/ans/comites/smb cbc2003.htm
103.04.11 13:31 B C:\A-DATA\SMB\ans\comites\smb\cbc2003.htm --> snow-board.com /www/htdocs/ans/comites/smb cbc2003.htm
103.04.11 13:35 B C:\A-DATA\SMB\ans\comites\smb\cbc03-tarif et inscription.doc --> snow-board.com /www/htdocs/ans/comites/smb cbc03-tarif et inscription.doc
103.04.11 13:38 B C:\A-DATA\SMB\ans\comites\smb\cbc2003.htm --> snow-board.com /www/htdocs/ans/comites/smb cbc2003.htm
103.10.13 14:22 B C:\A-DATA\SMB\ans\comites\smb\stages01.htm --> snow-board.com /www/htdocs/ans/comites/smb stages01.htm
103.10.13 14:23 B C:\A-DATA\SMB\ans\comites\smb\T2003 img1.gif --> snow-board.com /www/htdocs/ans/comites/smb T2003 img1.gif
103.10.13 14:25 B C:\A-DATA\SMB\ans\comites\smb\T2003 img1.gif --> snow-board.com /www/htdocs/ans/comites/smb T2003 img1.gif
103.10.13 14:26 B C:\A-DATA\SMB\ans\comites\smb\stages01.htm --> snow-board.com /www/htdocs/ans/comites/smb stages01.htm
103.10.13 14:28 B C:\A-DATA\SMB\ans\comites\smb\smb.htm --> snow-board.com /www/htdocs/ans/comites/smb smb.htm
104.10.06 12:08 A C:\A-DATA\SMB\ans\comites\smb\smb.htm --> snow-board.com /www/htdocs/ans/comites/smb smb.htm
104.10.06 12:10 A C:\A-DATA\SMB\ans\comites\smb\smb.htm --> snow-board.com /www/htdocs/ans/comites/smb smb.htm
104.10.06 12:14 A C:\A-DATA\SMB\ans\comites\smb\smb.htm --> snow-board.com /www/htdocs/ans/comites/smb smb.htm
105.09.16 11:05 B C:\A-DATA\SMB\ans\comites\smb\img1-05.gif --> snow-board.com /www/htdocs/ans/comites/smb img1-05.gif
105.09.16 11:05 B C:\A-DATA\SMB\ans\comites\smb\img0-05.gif --> snow-board.com /www/htdocs/ans/comites/smb img0-05.gif
105.09.16 11:05 B C:\A-DATA\SMB\ans\comites\smb\_blnk-05.gif --> snow-board.com /www/htdocs/ans/comites/smb _blnk-05.gif
105.09.16 11:05 A C:\A-DATA\SMB\ans\comites\smb\stages01.htm --> snow-board.com /www/htdocs/ans/comites/smb stages01.htm
105.09.16 11:07 A C:\A-DATA\SMB\ans\comites\smb\smb.htm --> snow-board.com /www/htdocs/ans/comites/smb smb.htm
