100.11.13 14:10 B D:\SMB\index.html --> snow-board.com /drv1/web/sites/web70237 index.html
100.11.13 14:10 B D:\SMB\LogoESI.JPG --> snow-board.com /drv1/web/sites/web70237 LogoESI.JPG
100.11.13 14:10 B D:\SMB\Logosno2.jpg --> snow-board.com /drv1/web/sites/web70237 Logosno2.jpg
100.11.14 23:27 B D:\SMB\index.html --> snow-board.com /drv1/web/sites/web70237 index.html
100.11.14 23:30 A D:\SMB\index.html --> snow-board.com /drv1/web/sites/web70237 index.html
100.11.14 23:37 B D:\SMB\Logosno2.jpg --> snow-board.com /drv1/web/sites/web70237 Logosno2.jpg
101.02.09 23:14 B D:\SMB\j-flex01.htm <-- snow-board.com /drv1/web/sites/web70237/secure j-flex01.htm
101.02.09 23:15 B D:\SMB\j-flex01.htm --> snow-board.com /drv1/web/sites/web70237/secure j-flex01.htm
101.05.23 09:27 B D:\SMB\index.html --> snow-board.com /drv1/web/sites/web70237 index.html
101.05.23 09:28 B D:\SMB\st.gif --> snow-board.com /drv1/web/sites/web70237 st.gif
101.05.23 09:32 B D:\SMB\index.html --> snow-board.com /drv1/web/sites/web70237 index.html
101.05.23 09:34 B D:\SMB\index.html --> snow-board.com /drv1/web/sites/web70237 index.html
101.05.23 09:35 B D:\SMB\st.gif --> snow-board.com /drv1/web/sites/web70237 st.gif
101.05.23 09:35 A D:\SMB\st.gif --> snow-board.com /drv1/web/sites/web70237 st.gif
101.05.23 09:35 B D:\SMB\st.gif --> snow-board.com /drv1/web/sites/web70237 st.gif
101.05.30 14:06 B D:\SMB\index.html --> snow-board.com /drv1/web/sites/web70237 index.html
101.06.15 16:58 B D:\SMB\index.html --> snow-board.com /drv1/web/sites/web70237 index.html
103.08.05 18:59 B C:\A-DATA\SMB\form.cgi <-- snow-board.com /www/cgi-bin form.cgi
103.08.05 19:01 B C:\A-DATA\SMB\form.cgi --> snow-board.com /www/cgi-bin form.cgi
103.08.05 23:47 A C:\A-DATA\SMB\form.cgi <-- snow-board.com /www/cgi-bin form.cgi
103.08.11 13:33 A C:\A-DATA\SMB\form.cgi <-- snow-board.com /www/cgi-bin form.cgi
103.08.11 13:34 A C:\A-DATA\SMB\formA.cgi --> snow-board.com /www/cgi-bin formA.cgi
103.09.22 11:21 B C:\A-DATA\SMB\unwanted.htm --> snow-board.com /www/htdocs unwanted.htm
103.10.21 13:17 A C:\A-DATA\SMB\index.html --> snow-board.com /www/htdocs index.html
103.10.21 13:19 A C:\A-DATA\SMB\index.html --> snow-board.com /www/htdocs index.html
103.10.23 18:30 A C:\A-DATA\SMB\.htpasswd --> pipepredictor.com /users/pipepredict .htpasswd
103.11.04 18:49 B C:\A-DATA\SMB\DocumentPartenariatDerbyv06.ppt --> snow-board.com / DocumentPartenariatDerbyv06.ppt
103.11.04 18:50 A C:\A-DATA\SMB\index.html --> snow-board.com /www/htdocs index.html
103.11.04 18:51 A C:\A-DATA\SMB\index.html --> snow-board.com /www/htdocs index.html
103.11.04 18:52 A C:\A-DATA\SMB\index.html --> snow-board.com /www/htdocs index.html
